#-----------------------------------------------------------
# Vivado v2023.1 (64-bit)
# SW Build 3865809 on Sun May  7 15:05:29 MDT 2023
# IP Build 3864474 on Sun May  7 20:36:21 MDT 2023
# SharedData Build 3865790 on Sun May 07 13:33:03 MDT 2023
# Start of session at: Sat Oct 19 12:41:34 2024
# Process ID: 7604
# Current directory: Z:/University/Architettura Sistemi Digitali/VHDL/exercise/first_examples/first_examples.runs/synth_1
# Command line: vivado.exe -log mux_2_1.vds -product Vivado -mode batch -messageDb vivado.pb -notrace -source mux_2_1.tcl
# Log file: Z:/University/Architettura Sistemi Digitali/VHDL/exercise/first_examples/first_examples.runs/synth_1/mux_2_1.vds
# Journal file: Z:/University/Architettura Sistemi Digitali/VHDL/exercise/first_examples/first_examples.runs/synth_1\vivado.jou
# Running On: Ryzen, OS: Windows, CPU Frequency: 1797 MHz, CPU Physical cores: 16, Host memory: 6280 MB
#-----------------------------------------------------------
source mux_2_1.tcl -notrace
