#-----------------------------------------------------------
# Vivado v2023.1 (64-bit)
# SW Build 3865809 on Sun May  7 15:05:29 MDT 2023
# IP Build 3864474 on Sun May  7 20:36:21 MDT 2023
# SharedData Build 3865790 on Sun May 07 13:33:03 MDT 2023
# Start of session at: Thu Nov 14 15:59:59 2024
# Process ID: 5696
# Current directory: Z:/University/Architettura Sistemi Digitali/VHDL/esempi/11_INPUT_UNIT_DISPLAY/11_INPUT_UNIT_DISPLAY.runs/impl_1
# Command line: vivado.exe -log display_on_board.vdi -applog -product Vivado -messageDb vivado.pb -mode batch -source display_on_board.tcl -notrace
# Log file: Z:/University/Architettura Sistemi Digitali/VHDL/esempi/11_INPUT_UNIT_DISPLAY/11_INPUT_UNIT_DISPLAY.runs/impl_1/display_on_board.vdi
# Journal file: Z:/University/Architettura Sistemi Digitali/VHDL/esempi/11_INPUT_UNIT_DISPLAY/11_INPUT_UNIT_DISPLAY.runs/impl_1\vivado.jou
# Running On: Ryzen, OS: Windows, CPU Frequency: 1797 MHz, CPU Physical cores: 16, Host memory: 6280 MB
#-----------------------------------------------------------
source display_on_board.tcl -notrace
