#-----------------------------------------------------------
# Vivado v2023.1 (64-bit)
# SW Build 3865809 on Sun May  7 15:05:29 MDT 2023
# IP Build 3864474 on Sun May  7 20:36:21 MDT 2023
# SharedData Build 3865790 on Sun May 07 13:33:03 MDT 2023
# Start of session at: Tue Oct 29 21:23:23 2024
# Process ID: 5112
# Current directory: Z:/University/Architettura Sistemi Digitali/VHDL/VIVADO-PROJECTS/ROM_16x8/ROM_16x8.runs/synth_1
# Command line: vivado.exe -log rom_16x8_one_hot.vds -product Vivado -mode batch -messageDb vivado.pb -notrace -source rom_16x8_one_hot.tcl
# Log file: Z:/University/Architettura Sistemi Digitali/VHDL/VIVADO-PROJECTS/ROM_16x8/ROM_16x8.runs/synth_1/rom_16x8_one_hot.vds
# Journal file: Z:/University/Architettura Sistemi Digitali/VHDL/VIVADO-PROJECTS/ROM_16x8/ROM_16x8.runs/synth_1\vivado.jou
# Running On: Ryzen, OS: Windows, CPU Frequency: 1797 MHz, CPU Physical cores: 16, Host memory: 6280 MB
#-----------------------------------------------------------
source rom_16x8_one_hot.tcl -notrace
