#-----------------------------------------------------------
# Vivado v2023.1 (64-bit)
# SW Build 3865809 on Sun May  7 15:05:29 MDT 2023
# IP Build 3864474 on Sun May  7 20:36:21 MDT 2023
# SharedData Build 3865790 on Sun May 07 13:33:03 MDT 2023
# Start of session at: Thu Nov 14 14:45:46 2024
# Process ID: 14952
# Current directory: Z:/University/Architettura Sistemi Digitali/VHDL/exercise/exe 2.1 - ROM+M/exe 2.1 - ROM+M.runs/impl_1
# Command line: vivado.exe -log m_system.vdi -applog -product Vivado -messageDb vivado.pb -mode batch -source m_system.tcl -notrace
# Log file: Z:/University/Architettura Sistemi Digitali/VHDL/exercise/exe 2.1 - ROM+M/exe 2.1 - ROM+M.runs/impl_1/m_system.vdi
# Journal file: Z:/University/Architettura Sistemi Digitali/VHDL/exercise/exe 2.1 - ROM+M/exe 2.1 - ROM+M.runs/impl_1\vivado.jou
# Running On: Ryzen, OS: Windows, CPU Frequency: 1797 MHz, CPU Physical cores: 16, Host memory: 6280 MB
#-----------------------------------------------------------
source m_system.tcl -notrace
